> Task :app:preBuild UP-TO-DATE
> Task :app:preDebugBuild UP-TO-DATE
> Task :app:mergeDebugNativeDebugMetadata NO-SOURCE
> Task :app:checkKotlinGradlePluginConfigurationErrors SKIPPED
> Task :app:checkDebugAarMetadata UP-TO-DATE
> Task :app:generateDebugResValues UP-TO-DATE
> Task :app:mapDebugSourceSetPaths UP-TO-DATE
> Task :app:generateDebugResources UP-TO-DATE
> Task :app:mergeDebugResources UP-TO-DATE
> Task :app:packageDebugResources UP-TO-DATE
> Task :app:parseDebugLocalResources UP-TO-DATE
> Task :app:createDebugCompatibleScreenManifests UP-TO-DATE
> Task :app:extractDeepLinksDebug UP-TO-DATE
> Task :app:processDebugMainManifest UP-TO-DATE
> Task :app:processDebugManifest UP-TO-DATE
> Task :app:processDebugManifestForPackage UP-TO-DATE
> Task :app:processDebugResources UP-TO-DATE
> Task :app:javaPreCompileDebug UP-TO-DATE
> Task :app:mergeDebugShaders UP-TO-DATE
> Task :app:compileDebugShaders NO-SOURCE
> Task :app:generateDebugAssets UP-TO-DATE
> Task :app:mergeDebugAssets UP-TO-DATE
> Task :app:compressDebugAssets UP-TO-DATE
> Task :app:desugarDebugFileDependencies UP-TO-DATE
> Task :app:checkDebugDuplicateClasses UP-TO-DATE
> Task :app:mergeDebugStartupProfile UP-TO-DATE
> Task :app:mergeExtDexDebug UP-TO-DATE
> Task :app:mergeLibDexDebug UP-TO-DATE
> Task :app:mergeDebugJniLibFolders UP-TO-DATE
> Task :app:mergeDebugNativeLibs UP-TO-DATE
> Task :app:stripDebugDebugSymbols UP-TO-DATE
> Task :app:validateSigningDebug UP-TO-DATE
> Task :app:writeDebugAppMetadata UP-TO-DATE
> Task :app:writeDebugSigningConfigVersions UP-TO-DATE
> Task :app:kspDebugKotlin

> Task :app:compileDebugKotlin
w: file:///D:/Study/codebase/XpenseLedger/app/src/main/java/com/xpenseledger/app/ui/screens/add/AddExpenseScreen.kt:384:27 'constructor(capitalization: KeyboardCapitalization = ..., autoCorrect: Boolean, keyboardType: KeyboardType = ..., imeAction: ImeAction = ..., platformImeOptions: PlatformImeOptions? = ..., showKeyboardOnFocus: Boolean? = ..., hintLocales: LocaleList? = ...): KeyboardOptions' is deprecated. Please use the new constructor that takes optional autoCorrectEnabled parameter.
w: file:///D:/Study/codebase/XpenseLedger/app/src/main/java/com/xpenseledger/app/ui/screens/add/AddExpenseScreen.kt:413:71 'constructor(p0: String!, p1: String!): Locale' is deprecated. Deprecated in Java.
w: file:///D:/Study/codebase/XpenseLedger/app/src/main/java/com/xpenseledger/app/ui/screens/add/AddExpenseScreen.kt:429:27 'constructor(capitalization: KeyboardCapitalization = ..., autoCorrect: Boolean, keyboardType: KeyboardType = ..., imeAction: ImeAction = ..., platformImeOptions: PlatformImeOptions? = ..., showKeyboardOnFocus: Boolean? = ..., hintLocales: LocaleList? = ...): KeyboardOptions' is deprecated. Please use the new constructor that takes optional autoCorrectEnabled parameter.
w: file:///D:/Study/codebase/XpenseLedger/app/src/main/java/com/xpenseledger/app/ui/screens/add/AddExpenseScreen.kt:597:54 'fun Modifier.menuAnchor(): Modifier' is deprecated. Use overload that takes MenuAnchorType and enabled parameters.
w: file:///D:/Study/codebase/XpenseLedger/app/src/main/java/com/xpenseledger/app/ui/screens/profile/ProfileScreen.kt:219:35 'constructor(capitalization: KeyboardCapitalization = ..., autoCorrect: Boolean, keyboardType: KeyboardType = ..., imeAction: ImeAction = ..., platformImeOptions: PlatformImeOptions? = ..., showKeyboardOnFocus: Boolean? = ..., hintLocales: LocaleList? = ...): KeyboardOptions' is deprecated. Please use the new constructor that takes optional autoCorrectEnabled parameter.

> Task :app:compileDebugJavaWithJavac
> Task :app:hiltAggregateDepsDebug UP-TO-DATE
> Task :app:hiltJavaCompileDebug
> Task :app:processDebugJavaRes
> Task :app:mergeDebugJavaResource
> Task :app:transformDebugClassesWithAsm
> Task :app:dexBuilderDebug
> Task :app:mergeDebugGlobalSynthetics UP-TO-DATE
> Task :app:mergeProjectDexDebug
> Task :app:packageDebug
> Task :app:createDebugApkListingFileRedirect
> Task :app:assembleDebug

BUILD SUCCESSFUL in 54s
41 actionable tasks: 11 executed, 30 up-to-date
